// Jest Snapshot v1, https://goo.gl/fbAQLP

exports[`SNAP TESTING DETAILS COMPONENT Should Render Successfully 1`] = `
<div>
  loading...
</div>
`;
